Microchip MPLAB XC8 Compiler V2.00 ()

Linker command line:

-W-3 --edf=C:\Program Files (x86)\Microchip\xc8\v2.00\pic\dat\en_msgs.txt \
  -cs -h+dist/default/production\Auxilio_kebrada.X.production.sym \
  --cmf=dist/default/production\Auxilio_kebrada.X.production.cmf -z \
  -Q16F887 -oC:\Users\21192700\AppData\Local\Temp\s65c.2 \
  -Mdist/default/production/Auxilio_kebrada.X.production.map -E1 -ver=XC8 \
  --acfsm=1493 -ASTACK=0110h-016fh -pstack=STACK -ACODE=00h-07FFhx4 \
  -ASTRCODE=00h-01FFFh -ASTRING=00h-0FFhx32 -ACONST=00h-0FFhx32 \
  -AENTRY=00h-0FFhx32 -ACOMMON=070h-07Fh -ABANK0=020h-06Fh \
  -ABANK1=0A0h-0EFh -ABANK2=0110h-016Fh -ABANK3=0190h-01EFh \
  -ARAM=020h-06Fh,0A0h-0EFh,0110h-016Fh,0190h-01EFh \
  -AABS1=020h-07Fh,0A0h-0EFh,0110h-016Fh,0190h-01EFh -ASFR0=00h-01Fh \
  -ASFR1=080h-09Fh -ASFR2=0100h-010Fh -ASFR3=0180h-018Fh \
  -preset_vec=00h,intentry,init,end_init -ppowerup=CODE -pcinit=CODE \
  -pfunctab=ENTRY -ACONFIG=02007h-02008h -pconfig=CONFIG -DCONFIG=2 \
  -AIDLOC=02000h-02003h -pidloc=IDLOC -DIDLOC=2 -AEEDATA=00h-0FFh/02100h \
  -peeprom_data=EEDATA -DEEDATA=2 -DCODE=2 -DSTRCODE=2 -DSTRING=2 -DCONST=2 \
  -DENTRY=2 -k C:\Users\21192700\AppData\Local\Temp\s65c.o \
  dist/default/production\Auxilio_kebrada.X.production.o 

Object code version is 3.11

Machine type is 16F887



                Name                               Link     Load   Length Selector   Space Scale
C:\Users\21192700\AppData\Local\Temp\s65c.o
                end_init                              0        0        3        0       0
                config                             2007     2007        2     400E       0
dist/default/production\Auxilio_kebrada.X.production.o
                cinit                               7EE      7EE       12      FDC       0
                text8                               642      642       5E      C84       0
                text7                               564      564        B      AC8       0
                text6                               5A5      5A5       17      B4A       0
                text5                               5E0      5E0       2F      BC0       0
                text4                               6A0      6A0       80      D40       0
                text3                               57F      57F       13      AFE       0
                text2                               60F      60F       33      C1E       0
                text1                               5BC      5BC       24      B78       0
                maintext                            720      720       CE      E40       0
                cstackBANK0                          30       30        2       20       1
                cstackCOMMON                         70       70        D       70       1
                inittext                            592      592       13      B24       0
                dataBANK0                            20       20       10       20       1
                strings                               3        3       6C        6       0
                idataBANK0                          56F      56F       10      ADE       0

TOTAL           Name                               Link     Load   Length     Space
        CLASS   STACK          

        CLASS   CODE           
                end_init                              0        0        3         0
                cinit                               7EE      7EE       12         0
                text8                               642      642       5E         0
                text7                               564      564        B         0
                text6                               5A5      5A5       17         0
                text5                               5E0      5E0       2F         0
                text4                               6A0      6A0       80         0
                text3                               57F      57F       13         0
                text2                               60F      60F       33         0
                text1                               5BC      5BC       24         0
                maintext                            720      720       CE         0
                inittext                            592      592       13         0
                idataBANK0                          56F      56F       10         0

        CLASS   STRCODE        

        CLASS   STRING         
                strings                               3        3       6C         0

        CLASS   CONST          

        CLASS   ENTRY          

        CLASS   COMMON         
                cstackCOMMON                         70       70        D         1

        CLASS   BANK0          
                cstackBANK0                          30       30        2         1
                dataBANK0                            20       20       10         1

        CLASS   BANK1          

        CLASS   BANK2          

        CLASS   BANK3          

        CLASS   RAM            

        CLASS   ABS1           
                abs_s1                               7E       7E        2         1

        CLASS   SFR0           

        CLASS   SFR1           

        CLASS   SFR2           

        CLASS   SFR3           

        CLASS   CONFIG         
                config                             2007     2007        2         0

        CLASS   IDLOC          

        CLASS   EEDATA         



SEGMENTS        Name                           Load    Length   Top    Selector   Space  Class     Delta

                reset_vec                      000000  000003  000003         0       0  CODE        2
                strings                        000003  00006C  00006F         6       0  STRING      2
                dataBANK0                      000020  000012  000032        20       1  BANK0       1
                cstackCOMMON                   000070  00000D  00007D        70       1  COMMON      1
                text7                          000564  00000B  00056F       AC8       0  CODE        2
                idataBANK0                     00056F  000010  00057F       ADE       0  CODE        2
                text3                          00057F  000013  000592       AFE       0  CODE        2
                inittext                       000592  000013  0005A5       B24       0  CODE        2
                text6                          0005A5  000017  0005BC       B4A       0  CODE        2
                text1                          0005BC  000024  0005E0       B78       0  CODE        2
                text5                          0005E0  00002F  00060F       BC0       0  CODE        2
                text2                          00060F  000033  000642       C1E       0  CODE        2
                text8                          000642  00005E  0006A0       C84       0  CODE        2
                text4                          0006A0  000080  000720       D40       0  CODE        2
                maintext                       000720  0000CE  0007EE       E40       0  CODE        2
                cinit                          0007EE  000012  000800       FDC       0  CODE        2
                config                         002007  000002  002009      400E       0  CONFIG      2


UNUSED ADDRESS RANGES

        Name                Unused          Largest block    Delta
        BANK0            0032-006F             3E           1
        BANK1            00A0-00EF             50           1
        BANK2            0110-016F             60           1
        BANK3            0190-01EF             60           1
        CODE             006F-0563            4F5           2
                         0800-1FFF            800
        COMMON           007D-007D              1           1
        CONST            006F-0563            100           2
                         0800-1FFF            100
        EEDATA           2100-21FF            100           2
        ENTRY            006F-0563            100           2
                         0800-1FFF            100
        IDLOC            2000-2003              4           2
        RAM              0032-006F             3E           1
                         00A0-00EF             50
                         0110-016F             60
                         0190-01EF             60
        SFR0             0000-001F             20           1
        SFR1             0080-009F             20           1
        SFR2             0100-010F             10           1
        SFR3             0180-018F             10           1
        STACK            0110-016F             60           1
        STRCODE          006F-0563            4F5           2
                         0800-1FFF           1800
        STRING           006F-0563            100           2
                         0800-1FFF            100

                                  Symbol Table

Teclado@col               cstackCOMMON 0075
Teclado@lin               cstackCOMMON 0076
Teclado@tecla             cstackCOMMON 0074
_ANSELH                   (abs)        0189
_LCDbits                  (abs)        0008
_PORTB                    (abs)        0006
_TRISB                    (abs)        0086
_TRISDbits                (abs)        0088
_Teclado                  text8        0642
_Teclado_init             text7        0564
__CFG_BOR4V$BOR40V        (abs)        0000
__CFG_BOREN$OFF           (abs)        0000
__CFG_CP$OFF              (abs)        0000
__CFG_CPD$OFF             (abs)        0000
__CFG_FCMEN$OFF           (abs)        0000
__CFG_FOSC$INTRC_NOCLKOUT (abs)        0000
__CFG_IESO$OFF            (abs)        0000
__CFG_LVP$OFF             (abs)        0000
__CFG_MCLRE$OFF           (abs)        0000
__CFG_PWRTE$OFF           (abs)        0000
__CFG_WDTE$OFF            (abs)        0000
__CFG_WRT$OFF             (abs)        0000
__Habs1                   abs1         0000
__Hbank0                  bank0        0000
__Hbank1                  bank1        0000
__Hbank2                  bank2        0000
__Hbank3                  bank3        0000
__Hcinit                  cinit        0800
__Hclrtext                clrtext      0000
__Hcode                   code         0000
__Hcommon                 common       0000
__Hconfig                 config       2009
__HcstackBANK0            cstackBANK0  0000
__HcstackCOMMON           cstackCOMMON 0000
__HdataBANK0              dataBANK0    0000
__Heeprom_data            eeprom_data  0000
__Hend_init               end_init     0003
__Hfunctab                functab      0000
__HidataBANK0             idataBANK0   0000
__Hidloc                  idloc        0000
__Hinit                   init         0000
__Hinittext               inittext     0000
__Hintentry               intentry     0000
__Hmaintext               maintext     0000
__Hpowerup                powerup      0000
__Hram                    ram          0000
__Hreset_vec              reset_vec    0000
__Hsfr0                   sfr0         0000
__Hsfr1                   sfr1         0000
__Hsfr2                   sfr2         0000
__Hsfr3                   sfr3         0000
__Hspace_0                (abs)        2009
__Hspace_1                (abs)        007D
__Hspace_2                (abs)        0000
__Hspace_3                (abs)        0000
__Hstack                  stack        0000
__Hstrings                strings      0000
__Htext                   text         0000
__Labs1                   abs1         0000
__Lbank0                  bank0        0000
__Lbank1                  bank1        0000
__Lbank2                  bank2        0000
__Lbank3                  bank3        0000
__Lcinit                  cinit        07EE
__Lclrtext                clrtext      0000
__Lcode                   code         0000
__Lcommon                 common       0000
__Lconfig                 config       2007
__LcstackBANK0            cstackBANK0  0000
__LcstackCOMMON           cstackCOMMON 0000
__LdataBANK0              dataBANK0    0000
__Leeprom_data            eeprom_data  0000
__Lend_init               end_init     0000
__Lfunctab                functab      0000
__LidataBANK0             idataBANK0   0000
__Lidloc                  idloc        0000
__Linit                   init         0000
__Linittext               inittext     0000
__Lintentry               intentry     0000
__Lmaintext               maintext     0000
__Lpowerup                powerup      0000
__Lram                    ram          0000
__Lreset_vec              reset_vec    0000
__Lsfr0                   sfr0         0000
__Lsfr1                   sfr1         0000
__Lsfr2                   sfr2         0000
__Lsfr3                   sfr3         0000
__Lspace_0                (abs)        0000
__Lspace_1                (abs)        0000
__Lspace_2                (abs)        0000
__Lspace_3                (abs)        0000
__Lstack                  stack        0000
__Lstrings                strings      0000
__Ltext                   text         0000
__S0                      (abs)        2009
__S1                      (abs)        007D
__S2                      (abs)        0000
__S3                      (abs)        0000
___int_sp                 stack        0000
___latbits                (abs)        0002
___sp                     stack        0000
__end_of_Teclado          text8        06A0
__end_of_Teclado_init     text7        056F
__end_of__initialization  cinit        07FC
__end_of__stringtab       strings      0009
__end_of_delay            text6        05BC
__end_of_dispLCD          text2        0642
__end_of_dispLCD_dataReg  text5        060F
__end_of_dispLCD_init     text1        05E0
__end_of_dispLCD_instReg  text4        0720
__end_of_dispLCD_lincol   text3        0592
__end_of_main             maintext     07EE
__initialization          cinit        07EE
__pcstackBANK0            cstackBANK0  0030
__pcstackCOMMON           cstackCOMMON 0070
__pdataBANK0              dataBANK0    0020
__pidataBANK0             idataBANK0   056F
__pmaintext               maintext     0720
__pstrings                strings      0003
__ptext1                  text1        05BC
__ptext2                  text2        060F
__ptext3                  text3        057F
__ptext4                  text4        06A0
__ptext5                  text5        05E0
__ptext6                  text6        05A5
__ptext7                  text7        0564
__ptext8                  text8        0642
__size_of_Teclado         (abs)        0000
__size_of_Teclado_init    (abs)        0000
__size_of_delay           (abs)        0000
__size_of_dispLCD         (abs)        0000
__size_of_dispLCD_dataReg (abs)        0000
__size_of_dispLCD_init    (abs)        0000
__size_of_dispLCD_instReg (abs)        0000
__size_of_dispLCD_lincol  (abs)        0000
__size_of_main            (abs)        0000
__stringbase              strings      0008
__stringtab               strings      0003
_delay                    text6        05A5
_dispLCD                  text2        060F
_dispLCD_dataReg          text5        05E0
_dispLCD_init             text1        05BC
_dispLCD_instReg          text4        06A0
_dispLCD_lincol           text3        057F
_main                     maintext     0720
_tabela                   dataBANK0    0020
btemp                     (abs)        007E
delay@t                   cstackCOMMON 0070
dispLCD@col               cstackCOMMON 0076
dispLCD@lin               cstackCOMMON 007A
dispLCD@pos               cstackCOMMON 0079
dispLCD@str               cstackCOMMON 0077
dispLCD_dataReg@d         cstackCOMMON 0072
dispLCD_instReg@i         cstackCOMMON 0072
dispLCD_lincol@col        cstackCOMMON 0073
dispLCD_lincol@lin        cstackCOMMON 0075
end_of_initialization     cinit        07FC
init_fetch0               inittext     0592
init_ram0                 inittext     0596
intlevel0                 functab      0000
intlevel1                 functab      0000
intlevel2                 functab      0000
intlevel3                 functab      0000
intlevel4                 functab      0000
intlevel5                 functab      0000
main@estado               cstackBANK0  0030
main@tecla                cstackBANK0  0031
reset_vec                 reset_vec    0000
stackhi                   (abs)        0000
stacklo                   (abs)        0000
start                     init         0000
start_initialization      cinit        07EE
wtemp0                    (abs)        007E


FUNCTION INFORMATION:

 *************** function _main *****************
 Defined at:
		line 14 in file "main.c"
 Parameters:    Size  Location     Type
		None
 Auto vars:     Size  Location     Type
  tecla           1    1[BANK0 ] unsigned char 
  estado          1    0[BANK0 ] unsigned char 
 Return value:  Size  Location     Type
                  1    wreg      void 
 Registers used:
		wreg, fsr0l, fsr0h, status,2, status,0, pclath, cstack
 Tracked objects:
		On entry : 
		On exit  : 
		Unchanged: 
 Data sizes:     COMMON   BANK0   BANK1   BANK3   BANK2
      Params:         0       0       0       0       0
      Locals:         0       2       0       0       0
      Temps:          2       0       0       0       0
      Totals:         2       2       0       0       0
Total ram usage:        4 bytes
 Hardware stack levels required when called:    3
 This function calls:
		_Teclado
		_Teclado_init
		_delay
		_dispLCD
		_dispLCD_init
 This function is called by:
		Startup code after reset
 This function uses a non-reentrant model


 *************** function _dispLCD_init *****************
 Defined at:
		line 123 in file "LCD4vias.c"
 Parameters:    Size  Location     Type
		None
 Auto vars:     Size  Location     Type
		None
 Return value:  Size  Location     Type
                  1    wreg      void 
 Registers used:
		wreg, status,2, status,0, pclath, cstack
 Tracked objects:
		On entry : 
		On exit  : 
		Unchanged: 
 Data sizes:     COMMON   BANK0   BANK1   BANK3   BANK2
      Params:         0       0       0       0       0
      Locals:         0       0       0       0       0
      Temps:          0       0       0       0       0
      Totals:         0       0       0       0       0
Total ram usage:        0 bytes
 Hardware stack levels used:    1
 Hardware stack levels required when called:    1
 This function calls:
		_dispLCD_instReg
 This function is called by:
		_main
 This function uses a non-reentrant model


 *************** function _dispLCD *****************
 Defined at:
		line 141 in file "LCD4vias.c"
 Parameters:    Size  Location     Type
  lin             1    wreg     unsigned char 
  col             1    6[COMMON] unsigned char 
  str             1    7[COMMON] PTR const unsigned char 
		 -> STR_7(17), STR_6(17), STR_5(17), STR_4(17), 
		 -> STR_3(17), STR_2(17), STR_1(17), 
 Auto vars:     Size  Location     Type
  lin             1   10[COMMON] unsigned char 
  pos             1    9[COMMON] unsigned char 
 Return value:  Size  Location     Type
                  1    wreg      void 
 Registers used:
		wreg, fsr0l, fsr0h, status,2, status,0, pclath, cstack
 Tracked objects:
		On entry : 
		On exit  : 
		Unchanged: 
 Data sizes:     COMMON   BANK0   BANK1   BANK3   BANK2
      Params:         2       0       0       0       0
      Locals:         2       0       0       0       0
      Temps:          1       0       0       0       0
      Totals:         5       0       0       0       0
Total ram usage:        5 bytes
 Hardware stack levels used:    1
 Hardware stack levels required when called:    2
 This function calls:
		_dispLCD_dataReg
		_dispLCD_lincol
 This function is called by:
		_main
 This function uses a non-reentrant model


 *************** function _dispLCD_lincol *****************
 Defined at:
		line 117 in file "LCD4vias.c"
 Parameters:    Size  Location     Type
  lin             1    wreg     unsigned char 
  col             1    3[COMMON] unsigned char 
 Auto vars:     Size  Location     Type
  lin             1    5[COMMON] unsigned char 
 Return value:  Size  Location     Type
                  1    wreg      void 
 Registers used:
		wreg, status,2, status,0, pclath, cstack
 Tracked objects:
		On entry : 
		On exit  : 
		Unchanged: 
 Data sizes:     COMMON   BANK0   BANK1   BANK3   BANK2
      Params:         1       0       0       0       0
      Locals:         1       0       0       0       0
      Temps:          1       0       0       0       0
      Totals:         3       0       0       0       0
Total ram usage:        3 bytes
 Hardware stack levels used:    1
 Hardware stack levels required when called:    1
 This function calls:
		_dispLCD_instReg
 This function is called by:
		_dispLCD
		_dispLCD_num
 This function uses a non-reentrant model


 *************** function _dispLCD_instReg *****************
 Defined at:
		line 68 in file "LCD4vias.c"
 Parameters:    Size  Location     Type
  i               1    wreg     unsigned char 
 Auto vars:     Size  Location     Type
  i               1    2[COMMON] unsigned char 
 Return value:  Size  Location     Type
                  1    wreg      void 
 Registers used:
		wreg, status,2, status,0
 Tracked objects:
		On entry : 
		On exit  : 
		Unchanged: 
 Data sizes:     COMMON   BANK0   BANK1   BANK3   BANK2
      Params:         0       0       0       0       0
      Locals:         1       0       0       0       0
      Temps:          2       0       0       0       0
      Totals:         3       0       0       0       0
Total ram usage:        3 bytes
 Hardware stack levels used:    1
 This function calls:
		Nothing
 This function is called by:
		_dispLCD_lincol
		_dispLCD_init
		_dispLCD_clr
 This function uses a non-reentrant model


 *************** function _dispLCD_dataReg *****************
 Defined at:
		line 101 in file "LCD4vias.c"
 Parameters:    Size  Location     Type
  d               1    wreg     unsigned char 
 Auto vars:     Size  Location     Type
  d               1    2[COMMON] unsigned char 
 Return value:  Size  Location     Type
                  1    wreg      void 
 Registers used:
		wreg, status,2, status,0
 Tracked objects:
		On entry : 
		On exit  : 
		Unchanged: 
 Data sizes:     COMMON   BANK0   BANK1   BANK3   BANK2
      Params:         0       0       0       0       0
      Locals:         1       0       0       0       0
      Temps:          2       0       0       0       0
      Totals:         3       0       0       0       0
Total ram usage:        3 bytes
 Hardware stack levels used:    1
 This function calls:
		Nothing
 This function is called by:
		_dispLCD
		_dispLCD_num
 This function uses a non-reentrant model


 *************** function _delay *****************
 Defined at:
		line 13 in file "delay.c"
 Parameters:    Size  Location     Type
  t               2    0[COMMON] unsigned int 
 Auto vars:     Size  Location     Type
		None
 Return value:  Size  Location     Type
                  1    wreg      void 
 Registers used:
		wreg, status,2, status,0
 Tracked objects:
		On entry : 
		On exit  : 
		Unchanged: 
 Data sizes:     COMMON   BANK0   BANK1   BANK3   BANK2
      Params:         2       0       0       0       0
      Locals:         0       0       0       0       0
      Temps:          1       0       0       0       0
      Totals:         3       0       0       0       0
Total ram usage:        3 bytes
 Hardware stack levels used:    1
 This function calls:
		Nothing
 This function is called by:
		_main
 This function uses a non-reentrant model


 *************** function _Teclado_init *****************
 Defined at:
		line 14 in file "TECLADO.c"
 Parameters:    Size  Location     Type
		None
 Auto vars:     Size  Location     Type
		None
 Return value:  Size  Location     Type
                  1    wreg      void 
 Registers used:
		wreg, status,2
 Tracked objects:
		On entry : 
		On exit  : 
		Unchanged: 
 Data sizes:     COMMON   BANK0   BANK1   BANK3   BANK2
      Params:         0       0       0       0       0
      Locals:         0       0       0       0       0
      Temps:          0       0       0       0       0
      Totals:         0       0       0       0       0
Total ram usage:        0 bytes
 Hardware stack levels used:    1
 This function calls:
		Nothing
 This function is called by:
		_main
 This function uses a non-reentrant model


 *************** function _Teclado *****************
 Defined at:
		line 28 in file "TECLADO.c"
 Parameters:    Size  Location     Type
		None
 Auto vars:     Size  Location     Type
  lin             1    6[COMMON] unsigned char 
  col             1    5[COMMON] unsigned char 
  tecla           1    4[COMMON] unsigned char 
 Return value:  Size  Location     Type
                  1    wreg      unsigned char 
 Registers used:
		wreg, fsr0l, fsr0h, status,2, status,0
 Tracked objects:
		On entry : 
		On exit  : 
		Unchanged: 
 Data sizes:     COMMON   BANK0   BANK1   BANK3   BANK2
      Params:         0       0       0       0       0
      Locals:         3       0       0       0       0
      Temps:          4       0       0       0       0
      Totals:         7       0       0       0       0
Total ram usage:        7 bytes
 Hardware stack levels used:    1
 This function calls:
		Nothing
 This function is called by:
		_main
 This function uses a non-reentrant model



MODULE INFORMATION

Module		Function		Class		Link	Load	Size
delay.c
		_delay         		CODE           	05A5	0000	24

delay.c estimated size: 24

TECLADO.c
		_Teclado       		CODE           	0642	0000	95
		_Teclado_init  		CODE           	0564	0000	12

TECLADO.c estimated size: 107

LCD4vias.c
		_dispLCD_lincol		CODE           	057F	0000	20
		_dispLCD_dataReg		CODE           	05E0	0000	48
		_dispLCD_instReg		CODE           	06A0	0000	129
		_dispLCD       		CODE           	060F	0000	52
		_dispLCD_init  		CODE           	05BC	0000	37

LCD4vias.c estimated size: 286

shared
		__stringtab    		STRING         	0003	0000	7
		__initialization		CODE           	07EE	0000	15

shared estimated size: 22

main.c
		_main          		CODE           	0720	0000	207

main.c estimated size: 207

